// Jest Snapshot v1, https://goo.gl/fbAQLP

exports[`renders app with home button component 1`] = `
Object {
  "asFragment": [Function],
  "baseElement": <body>
    <div>
      <div
        class="content"
      >
        <div
          class="header"
        >
          <ul
            class="mealslist-heading"
          >
            <li>
              Recipe Catalogue
            </li>
            <a
              href="/"
            >
              <button
                type="button"
              >
                Meals
              </button>
            </a>
            <div
              class="category-filter"
            >
              <select>
                <option>
                  CATEGORIES
                </option>
                <option
                  value="All"
                >
                  All
                </option>
              </select>
            </div>
          </ul>
        </div>
        <div>
          <div />
        </div>
      </div>
    </div>
  </body>,
  "container": <div>
    <div
      class="content"
    >
      <div
        class="header"
      >
        <ul
          class="mealslist-heading"
        >
          <li>
            Recipe Catalogue
          </li>
          <a
            href="/"
          >
            <button
              type="button"
            >
              Meals
            </button>
          </a>
          <div
            class="category-filter"
          >
            <select>
              <option>
                CATEGORIES
              </option>
              <option
                value="All"
              >
                All
              </option>
            </select>
          </div>
        </ul>
      </div>
      <div>
        <div />
      </div>
    </div>
  </div>,
  "debug": [Function],
  "findAllByAltText": [Function],
  "findAllByDisplayValue": [Function],
  "findAllByLabelText": [Function],
  "findAllByPlaceholderText": [Function],
  "findAllByRole": [Function],
  "findAllByTestId": [Function],
  "findAllByText": [Function],
  "findAllByTitle": [Function],
  "findByAltText": [Function],
  "findByDisplayValue": [Function],
  "findByLabelText": [Function],
  "findByPlaceholderText": [Function],
  "findByRole": [Function],
  "findByTestId": [Function],
  "findByText": [Function],
  "findByTitle": [Function],
  "getAllByAltText": [Function],
  "getAllByDisplayValue": [Function],
  "getAllByLabelText": [Function],
  "getAllByPlaceholderText": [Function],
  "getAllByRole": [Function],
  "getAllByTestId": [Function],
  "getAllByText": [Function],
  "getAllByTitle": [Function],
  "getByAltText": [Function],
  "getByDisplayValue": [Function],
  "getByLabelText": [Function],
  "getByPlaceholderText": [Function],
  "getByRole": [Function],
  "getByTestId": [Function],
  "getByText": [Function],
  "getByTitle": [Function],
  "queryAllByAltText": [Function],
  "queryAllByDisplayValue": [Function],
  "queryAllByLabelText": [Function],
  "queryAllByPlaceholderText": [Function],
  "queryAllByRole": [Function],
  "queryAllByTestId": [Function],
  "queryAllByText": [Function],
  "queryAllByTitle": [Function],
  "queryByAltText": [Function],
  "queryByDisplayValue": [Function],
  "queryByLabelText": [Function],
  "queryByPlaceholderText": [Function],
  "queryByRole": [Function],
  "queryByTestId": [Function],
  "queryByText": [Function],
  "queryByTitle": [Function],
  "rerender": [Function],
  "unmount": [Function],
}
`;

exports[`renders the app with expected component -test with enzyme 1`] = `ReactWrapper {}`;
