// Jest Snapshot v1, https://goo.gl/fbAQLP

exports[`renders the Meal component 1`] = `
Object {
  "asFragment": [Function],
  "baseElement": <body>
    <div>
      <div
        class="meal-row"
      >
        <div
          class="title-category"
        >
          <p
            class="category"
          >
            Dessert
          </p>
          <p
            class="area category"
          >
            British
          </p>
          <h4
            class="title"
          >
            Mealia
          </h4>
        </div>
        <div
          class="image-area"
          style="background-image: url(image-url); background-repeat: no-repeat; background-position: 50% 50%; background-size: cover;"
        />
        <div
          class="right"
        >
          <h4
            class="tags"
          >
            Tags: 
            dessert, British
          </h4>
          <a
            href="/details?img=image-url&t=Mealia
  &i=corn: 1 cup&y=Youtube url&ins=How to Cook Mealia"
          >
            <button
              class="details"
              type="button"
            >
              View details
            </button>
          </a>
          <button
            class="hide"
            type="button"
          >
            Hide from list
          </button>
          <button
            class="highlight"
            type="button"
          >
            Highlight meal
          </button>
        </div>
      </div>
    </div>
  </body>,
  "container": <div>
    <div
      class="meal-row"
    >
      <div
        class="title-category"
      >
        <p
          class="category"
        >
          Dessert
        </p>
        <p
          class="area category"
        >
          British
        </p>
        <h4
          class="title"
        >
          Mealia
        </h4>
      </div>
      <div
        class="image-area"
        style="background-image: url(image-url); background-repeat: no-repeat; background-position: 50% 50%; background-size: cover;"
      />
      <div
        class="right"
      >
        <h4
          class="tags"
        >
          Tags: 
          dessert, British
        </h4>
        <a
          href="/details?img=image-url&t=Mealia
  &i=corn: 1 cup&y=Youtube url&ins=How to Cook Mealia"
        >
          <button
            class="details"
            type="button"
          >
            View details
          </button>
        </a>
        <button
          class="hide"
          type="button"
        >
          Hide from list
        </button>
        <button
          class="highlight"
          type="button"
        >
          Highlight meal
        </button>
      </div>
    </div>
  </div>,
  "debug": [Function],
  "findAllByAltText": [Function],
  "findAllByDisplayValue": [Function],
  "findAllByLabelText": [Function],
  "findAllByPlaceholderText": [Function],
  "findAllByRole": [Function],
  "findAllByTestId": [Function],
  "findAllByText": [Function],
  "findAllByTitle": [Function],
  "findByAltText": [Function],
  "findByDisplayValue": [Function],
  "findByLabelText": [Function],
  "findByPlaceholderText": [Function],
  "findByRole": [Function],
  "findByTestId": [Function],
  "findByText": [Function],
  "findByTitle": [Function],
  "getAllByAltText": [Function],
  "getAllByDisplayValue": [Function],
  "getAllByLabelText": [Function],
  "getAllByPlaceholderText": [Function],
  "getAllByRole": [Function],
  "getAllByTestId": [Function],
  "getAllByText": [Function],
  "getAllByTitle": [Function],
  "getByAltText": [Function],
  "getByDisplayValue": [Function],
  "getByLabelText": [Function],
  "getByPlaceholderText": [Function],
  "getByRole": [Function],
  "getByTestId": [Function],
  "getByText": [Function],
  "getByTitle": [Function],
  "queryAllByAltText": [Function],
  "queryAllByDisplayValue": [Function],
  "queryAllByLabelText": [Function],
  "queryAllByPlaceholderText": [Function],
  "queryAllByRole": [Function],
  "queryAllByTestId": [Function],
  "queryAllByText": [Function],
  "queryAllByTitle": [Function],
  "queryByAltText": [Function],
  "queryByDisplayValue": [Function],
  "queryByLabelText": [Function],
  "queryByPlaceholderText": [Function],
  "queryByRole": [Function],
  "queryByTestId": [Function],
  "queryByText": [Function],
  "queryByTitle": [Function],
  "rerender": [Function],
  "unmount": [Function],
}
`;

exports[`renders the Meal component with the \`hide meal\` button working correctly 1`] = `
Object {
  "asFragment": [Function],
  "baseElement": <body>
    <div>
      <div
        class="meal-row"
      >
        <div
          class="title-category"
        >
          <p
            class="category"
          >
            Dessert
          </p>
          <p
            class="area category"
          >
            British
          </p>
          <h4
            class="title"
          >
            Mealia
          </h4>
        </div>
        <div
          class="image-area"
          style="background-image: url(image-url); background-repeat: no-repeat; background-position: 50% 50%; background-size: cover;"
        />
        <div
          class="right"
        >
          <h4
            class="tags"
          >
            Tags: 
            dessert, British
          </h4>
          <a
            href="/details?img=image-url&t=Mealia
  &i=corn: 1 cup&y=Youtube url&ins=How to Cook Mealia"
          >
            <button
              class="details"
              type="button"
            >
              View details
            </button>
          </a>
          <button
            class="hide"
            type="button"
          >
            Hide from list
          </button>
          <button
            class="highlight"
            type="button"
          >
            Highlight meal
          </button>
        </div>
      </div>
    </div>
  </body>,
  "container": <div>
    <div
      class="meal-row"
    >
      <div
        class="title-category"
      >
        <p
          class="category"
        >
          Dessert
        </p>
        <p
          class="area category"
        >
          British
        </p>
        <h4
          class="title"
        >
          Mealia
        </h4>
      </div>
      <div
        class="image-area"
        style="background-image: url(image-url); background-repeat: no-repeat; background-position: 50% 50%; background-size: cover;"
      />
      <div
        class="right"
      >
        <h4
          class="tags"
        >
          Tags: 
          dessert, British
        </h4>
        <a
          href="/details?img=image-url&t=Mealia
  &i=corn: 1 cup&y=Youtube url&ins=How to Cook Mealia"
        >
          <button
            class="details"
            type="button"
          >
            View details
          </button>
        </a>
        <button
          class="hide"
          type="button"
        >
          Hide from list
        </button>
        <button
          class="highlight"
          type="button"
        >
          Highlight meal
        </button>
      </div>
    </div>
  </div>,
  "debug": [Function],
  "findAllByAltText": [Function],
  "findAllByDisplayValue": [Function],
  "findAllByLabelText": [Function],
  "findAllByPlaceholderText": [Function],
  "findAllByRole": [Function],
  "findAllByTestId": [Function],
  "findAllByText": [Function],
  "findAllByTitle": [Function],
  "findByAltText": [Function],
  "findByDisplayValue": [Function],
  "findByLabelText": [Function],
  "findByPlaceholderText": [Function],
  "findByRole": [Function],
  "findByTestId": [Function],
  "findByText": [Function],
  "findByTitle": [Function],
  "getAllByAltText": [Function],
  "getAllByDisplayValue": [Function],
  "getAllByLabelText": [Function],
  "getAllByPlaceholderText": [Function],
  "getAllByRole": [Function],
  "getAllByTestId": [Function],
  "getAllByText": [Function],
  "getAllByTitle": [Function],
  "getByAltText": [Function],
  "getByDisplayValue": [Function],
  "getByLabelText": [Function],
  "getByPlaceholderText": [Function],
  "getByRole": [Function],
  "getByTestId": [Function],
  "getByText": [Function],
  "getByTitle": [Function],
  "queryAllByAltText": [Function],
  "queryAllByDisplayValue": [Function],
  "queryAllByLabelText": [Function],
  "queryAllByPlaceholderText": [Function],
  "queryAllByRole": [Function],
  "queryAllByTestId": [Function],
  "queryAllByText": [Function],
  "queryAllByTitle": [Function],
  "queryByAltText": [Function],
  "queryByDisplayValue": [Function],
  "queryByLabelText": [Function],
  "queryByPlaceholderText": [Function],
  "queryByRole": [Function],
  "queryByTestId": [Function],
  "queryByText": [Function],
  "queryByTitle": [Function],
  "rerender": [Function],
  "unmount": [Function],
}
`;

exports[`renders the Meal component with the \`highlight meal\` button working correctly 1`] = `
Object {
  "asFragment": [Function],
  "baseElement": <body>
    <div>
      <div
        class="meal-row"
      >
        <div
          class="title-category"
        >
          <p
            class="category"
          >
            Dessert
          </p>
          <p
            class="area category"
          >
            British
          </p>
          <h4
            class="title"
          >
            Mealia
          </h4>
        </div>
        <div
          class="image-area"
          style="background-image: url(image-url); background-repeat: no-repeat; background-position: 50% 50%; background-size: cover;"
        />
        <div
          class="right"
        >
          <h4
            class="tags"
          >
            Tags: 
            dessert, British
          </h4>
          <a
            href="/details?img=image-url&t=Mealia
  &i=corn: 1 cup&y=Youtube url&ins=How to Cook Mealia"
          >
            <button
              class="details"
              type="button"
            >
              View details
            </button>
          </a>
          <button
            class="hide"
            type="button"
          >
            Hide from list
          </button>
          <button
            class="highlight"
            type="button"
          >
            Highlight meal
          </button>
        </div>
      </div>
    </div>
  </body>,
  "container": <div>
    <div
      class="meal-row"
    >
      <div
        class="title-category"
      >
        <p
          class="category"
        >
          Dessert
        </p>
        <p
          class="area category"
        >
          British
        </p>
        <h4
          class="title"
        >
          Mealia
        </h4>
      </div>
      <div
        class="image-area"
        style="background-image: url(image-url); background-repeat: no-repeat; background-position: 50% 50%; background-size: cover;"
      />
      <div
        class="right"
      >
        <h4
          class="tags"
        >
          Tags: 
          dessert, British
        </h4>
        <a
          href="/details?img=image-url&t=Mealia
  &i=corn: 1 cup&y=Youtube url&ins=How to Cook Mealia"
        >
          <button
            class="details"
            type="button"
          >
            View details
          </button>
        </a>
        <button
          class="hide"
          type="button"
        >
          Hide from list
        </button>
        <button
          class="highlight"
          type="button"
        >
          Highlight meal
        </button>
      </div>
    </div>
  </div>,
  "debug": [Function],
  "findAllByAltText": [Function],
  "findAllByDisplayValue": [Function],
  "findAllByLabelText": [Function],
  "findAllByPlaceholderText": [Function],
  "findAllByRole": [Function],
  "findAllByTestId": [Function],
  "findAllByText": [Function],
  "findAllByTitle": [Function],
  "findByAltText": [Function],
  "findByDisplayValue": [Function],
  "findByLabelText": [Function],
  "findByPlaceholderText": [Function],
  "findByRole": [Function],
  "findByTestId": [Function],
  "findByText": [Function],
  "findByTitle": [Function],
  "getAllByAltText": [Function],
  "getAllByDisplayValue": [Function],
  "getAllByLabelText": [Function],
  "getAllByPlaceholderText": [Function],
  "getAllByRole": [Function],
  "getAllByTestId": [Function],
  "getAllByText": [Function],
  "getAllByTitle": [Function],
  "getByAltText": [Function],
  "getByDisplayValue": [Function],
  "getByLabelText": [Function],
  "getByPlaceholderText": [Function],
  "getByRole": [Function],
  "getByTestId": [Function],
  "getByText": [Function],
  "getByTitle": [Function],
  "queryAllByAltText": [Function],
  "queryAllByDisplayValue": [Function],
  "queryAllByLabelText": [Function],
  "queryAllByPlaceholderText": [Function],
  "queryAllByRole": [Function],
  "queryAllByTestId": [Function],
  "queryAllByText": [Function],
  "queryAllByTitle": [Function],
  "queryByAltText": [Function],
  "queryByDisplayValue": [Function],
  "queryByLabelText": [Function],
  "queryByPlaceholderText": [Function],
  "queryByRole": [Function],
  "queryByTestId": [Function],
  "queryByText": [Function],
  "queryByTitle": [Function],
  "rerender": [Function],
  "unmount": [Function],
}
`;

exports[`renders the Meal component with the correct buttons 1`] = `ReactWrapper {}`;

exports[`renders the Meal component with the correct link to the meal details page 1`] = `ReactWrapper {}`;
